#-----------------------------------------------------------
# Vivado v2018.2 (64-bit)
# SW Build 2258646 on Thu Jun 14 20:03:12 MDT 2018
# IP Build 2256618 on Thu Jun 14 22:10:49 MDT 2018
# Start of session at: Thu Jan 10 12:29:19 2019
# Process ID: 8240
# Current directory: C:/SpaceInvaders
# Command line: vivado.exe -gui_launcher_event rodinguilauncherevent7744 C:\SpaceInvaders\SpaceInvaders.xpr
# Log file: C:/SpaceInvaders/vivado.log
# Journal file: C:/SpaceInvaders\vivado.jou
#-----------------------------------------------------------
start_gui
open_project C:/SpaceInvaders/SpaceInvaders.xpr
update_compile_order -fileset sources_1
launch_sdk -workspace C:/SpaceInvaders/SpaceInvaders.sdk -hwspec C:/SpaceInvaders/SpaceInvaders.sdk/hdmi_in_wrapper.hdf
open_bd_design {C:/SpaceInvaders/SpaceInvaders.srcs/sources_1/bd/hdmi_in/hdmi_in.bd}
set_property range 4K [get_bd_addr_segs {processing_system7_0/Data/SEG_axi_gpio_btn_Reg}]
set_property range 4K [get_bd_addr_segs {processing_system7_0/Data/SEG_axi_gpio_led_Reg}]
launch_sdk -workspace C:/SpaceInvaders/SpaceInvaders.sdk -hwspec C:/SpaceInvaders/SpaceInvaders.sdk/hdmi_in_wrapper.hdf
launch_sdk -workspace C:/SpaceInvaders/SpaceInvaders.sdk -hwspec C:/SpaceInvaders/SpaceInvaders.sdk/hdmi_in_wrapper.hdf
launch_sdk -workspace C:/SpaceInvaders/SpaceInvaders.sdk -hwspec C:/SpaceInvaders/SpaceInvaders.sdk/hdmi_in_wrapper.hdf
launch_sdk -workspace C:/SpaceInvaders/SpaceInvaders.sdk -hwspec C:/SpaceInvaders/SpaceInvaders.sdk/hdmi_in_wrapper.hdf
launch_sdk -workspace C:/SpaceInvaders/SpaceInvaders.sdk -hwspec C:/SpaceInvaders/SpaceInvaders.sdk/hdmi_in_wrapper.hdf
