19:27:19 **** Auto Build of configuration Debug for project SpaceInvadersC ****
make pre-build main-build 
a9-linaro-pre-build-step
' '
'Building file: ../src/game.c'
'Invoking: ARM v7 gcc compiler'
arm-none-eabi-gcc -Wall -O0 -g3 -c -fmessage-length=0 -MT"src/game.o" -mcpu=cortex-a9 -mfpu=vfpv3 -mfloat-abi=hard -I../../SpaceInvadersC_bsp/ps7_cortexa9_0/include -MMD -MP -MF"src/game.d" -MT"src/game.o" -o "src/game.o" "../src/game.c"
'Finished building: ../src/game.c'
' '
'Building target: SpaceInvadersC.elf'
'Invoking: ARM v7 gcc linker'
arm-none-eabi-gcc -mcpu=cortex-a9 -mfpu=vfpv3 -mfloat-abi=hard -Wl,-build-id=none -specs=Xilinx.spec -Wl,-T -Wl,../src/lscript.ld -L../../SpaceInvadersC_bsp/ps7_cortexa9_0/lib -o "SpaceInvadersC.elf"  ./src/dynclk/dynclk.o  ./src/display_ctrl/display_ctrl.o  ./src/game.o   -Wl,--start-group,-lxil,-lgcc,-lc,--end-group
'Finished building target: SpaceInvadersC.elf'
' '
'Invoking: ARM v7 Print Size'
arm-none-eabi-size SpaceInvadersC.elf  |tee "SpaceInvadersC.elf.size"
   text	   data	    bss	    dec	    hex	filename
  53092	   1296	18688720	18743108	11dff44	SpaceInvadersC.elf
'Finished building: SpaceInvadersC.elf.size'
' '

19:27:20 Build Finished (took 908ms)

