11:08:43 **** Auto Build of configuration Debug for project Space_Invaders ****
make pre-build main-build 
a9-linaro-pre-build-step
' '
'Building file: ../src/main.cc'
'Invoking: ARM v7 g++ compiler'
arm-none-eabi-g++ -Wall -O0 -g3 -c -fmessage-length=0 -MT"src/main.o" -mcpu=cortex-a9 -mfpu=vfpv3 -mfloat-abi=hard -I../../Space_Invaders_bsp/ps7_cortexa9_0/include -MMD -MP -MF"src/main.d" -MT"src/main.o" -o "src/main.o" "../src/main.cc"
'Finished building: ../src/main.cc'
' '
'Building target: Space_Invaders.elf'
'Invoking: ARM v7 g++ linker'
arm-none-eabi-g++ -mcpu=cortex-a9 -mfpu=vfpv3 -mfloat-abi=hard -Wl,-build-id=none -specs=Xilinx.spec -Wl,-T -Wl,../src/lscript.ld -L../../Space_Invaders_bsp/ps7_cortexa9_0/lib -o "Space_Invaders.elf"  ./src/main.o   -Wl,--start-group,-lxil,-lgcc,-lc,-lstdc++,--end-group
'Finished building target: Space_Invaders.elf'
' '
'Invoking: ARM v7 Print Size'
arm-none-eabi-size Space_Invaders.elf  |tee "Space_Invaders.elf.size"
   text	   data	    bss	    dec	    hex	filename
  34996	   2208	  22664	  59868	   e9dc	Space_Invaders.elf
'Finished building: Space_Invaders.elf.size'
' '

11:08:43 Build Finished (took 917ms)

